1. Providing a backslash (\) before the wild card to remove its special meaning is called _____
a) escaping
b) quoting
c) listing
d) pattern matching
a
Escaping means providing a backslash (\) before the wild card so that its special meaning could be removed. For example, if we want to remove a file named chap*, then using the command rm chap* will delete all the file beginning with a prefix ’chap’. In this situation, we can use the following command,
$  rm chap\*
2. Enclosing the wild card or the entire pattern within quotes is called ___
a) escaping
b) quoting
c) listing
d) pattern matching
b
$ echo ‘\’        //displays a \
3. To remove the file named my document.txt, which one of the following commands will be used?
a) rm my\ document.txt
b) rm my document.txt
c) rm *
d) rm my_document.txt
a
4. We can escape the \ itself using escaping.
a) True
b) False
a
$ echo \\        // displays \
5.  For escaping the newline character we can use ____
a) /
b) \
c) ?
d) \n
b
6. The output of the following command is ______________
$ echo ‘The special character $ echo hello and | ls chap*’
a) undefined output
b) erroneous
c) hello
d) The special character $ echo hello and | ls chap*
d
7. Double quotes are more permissive than single quotes and allow the evaluation of the $ and ` itself.
a) True
b) False
a
$ echo ‘$SHELL’      // displays $SHELL
$ echo “$SHELL”     // evaluates $SHELL and then display
8. Which of the following command will remove the file named * ?
a) rm *
b) rm ‘*’
c) rm \*
d) rm ‘*’ and rm \*
d
Sanfoundry Global Education & Learning Series – Unix.
To practice  all areas of Unix for tests, here is complete set of 1000+ Multiple Choice Questions and Answers.
Participate in the Sanfoundry Certification contest to get free Certificate of Merit. Join our social networks below and stay updated with latest contests, videos, internships and jobs!
Telegram | Youtube | LinkedIn | Instagram | Facebook | Twitter | Pinterest
Youtube | LinkedIn | Instagram | Facebook | Twitter | Pinterest
« Prev - Unix  Questions and Answers – Pattern Matching, Escaping and Quoting – 1» Next - Unix  Questions and Answers – Redirection and Pipes – 1 
