1. Which of these method is used to implement Runnable interface?
a) stop()
b) run()
c) runThread()
d) stopThread()
b
2. Which of these method is used to begin the execution of a thread?
a) run()
b) start()
c) runThread()
d) startThread()
b
3. Which of these statement is incorrect?
a) A thread can be formed by implementing Runnable interface only
b) A thread can be formed by a class that extends Thread class
c) start() method is used to begin execution of the thread
d) run() method is used to begin execution of a thread before start() method in special cases
d
4. What will be the output of the following Java code?
    class newthread implements Runnable     {	Thread t;	newthread()         {	    t = new Thread(this,"My Thread");	    t.start();	}	public void run()        {	    System.out.println(t.getName());	}    }    class multithreaded_programing    {        public static void main(String args[])        {            new newthread();                }    }
a) My Thread
b) Thread[My Thread,5,main] 
c) Compilation Error
d) Runtime Error
a
Output:
$ javac multithreaded_programing.java
$ java multithreaded_programing
My Thread
5. What will be the output of the following Java code?
    class newthread implements Runnable    {	Thread t;	newthread()        {	    t = new Thread(this,"My Thread");	    t.start();	}	public void run()        {	    System.out.println(t);	}    }    class multithreaded_programing    {        public static void main(String args[])        {            new newthread();                }    }
a) My Thread
b) Thread[My Thread,5,main] 
c) Compilation Error
d) Runtime Error
b
Output:
$ javac multithreaded_programing.java
$ java multithreaded_programing
Thread[My Thread,5,main]
6. What will be the output of the following Java code?
    class newthread implements Runnable    {	Thread t;	newthread()        {	    t = new Thread(this,"My Thread");	    t.start();	}    }    class multithreaded_programing    {        public static void main(String args[])        {            new newthread();                }    }
a) My Thread
b) Thread[My Thread,5,main] 
c) Compilation Error
d) Runtime Error
c
Output:
$ javac multithreaded_programing.java
The type newthread must implement the inherited abstract method Runnable.run()
7. What will be the output of the following Java code?
    class newthread implements Runnable    {	Thread t;	newthread()        {	    t = new Thread(this,"New Thread");	    t.start();	}	public void run()        {	    t.setPriority(Thread.MAX_PRIORITY);	            System.out.println(t);	}    }    class multithreaded_programing    {        public static void main(String args[])        {            new newthread();                }    }
a) Thread[New Thread,0,main] 
b) Thread[New Thread,1,main] 
c) Thread[New Thread,5,main] 
d) Thread[New Thread,10,main] 
d
Output:
$ javac multithreaded_programing.java
$ java multithreaded_programing
Thread[New Thread,10,main]
8. What will be the output of the following Java code?
    class newthread implements Runnable    {	Thread t;	newthread()        {	    t1 = new Thread(this,"Thread_1");	    t2 = new Thread(this,"Thread_2");	    t1.start();	    t2.start();	}	public void run()        {	    t2.setPriority(Thread.MAX_PRIORITY);		    System.out.print(t1.equals(t2));        }        }    class multithreaded_programing    {        public static void main(String args[])        {            new newthread();                }    }
a) true
b) false
c) truetrue
d) falsefalse
d
Output:
$ javac multithreaded_programing.java
$ java multithreaded_programing
falsefalse
Sanfoundry Global Education & Learning Series – Java Programming Language.
 Here’s the list of Best Reference Books in Java Programming Language.
To practice MCQs on all areas of Java, here is complete set on 1000+ Multiple Choice Questions and Answers on Java.
Participate in the Sanfoundry Certification contest to get free Certificate of Merit. Join our social networks below and stay updated with latest contests, videos, internships and jobs!
Telegram | Youtube | LinkedIn | Instagram | Facebook | Twitter | Pinterest
Youtube | LinkedIn | Instagram | Facebook | Twitter | Pinterest
« Prev - Java Questions & Answers – isAlive(), Join() & Thread Synchronization» Next - Java Questions & Answers – Thread class 
