1. What is the use of try & catch?
a) It allows us to manually handle the exception
b) It allows to fix errors
c) It prevents automatic terminating of the program in cases when an exception occurs
d) All of the mentioned
d
2. Which of these keywords are used for the block to be examined for exceptions?
a) try
b) catch
c) throw
d) check
a
3. Which of these keywords are used for the block to handle the exceptions generated by try block?
a) try
b) catch
c) throw
d) check
b
4. Which of these keywords are used for generating an exception manually?
a) try
b) catch
c) throw
d) check
c
5. Which of these statements is incorrect?
a) try block need not to be followed by catch block
b) try block can be followed by finally block instead of catch block
c) try can be followed by both catch and finally block
d) try need not to be followed by anything
d
6. What will be the output of the following Java code?
    class Output     {        public static void main(String args[])         {           try            {               int a = 0;               int b = 5;               int c = b / a;               System.out.print("Hello");           }           catch(Exception e)            {               System.out.print("World");           }         }    }
a) Hello
b) World
c) HelloWOrld
d) Compilation Error
b
Output:
$ javac Output.javac
java Output
World
7. What will be the output of the following Java code?
    class Output     {        public static void main(String args[])         {           try            {               int a = 0;               int b = 5;               int c = a / b;               System.out.print("Hello");           }           catch(Exception e)            {               System.out.print("World");           }         }    }
a) Hello
b) World
c) HelloWOrld
d) Compilation Error
a
Output:
$ javac Output.javac
java Output
Hello
8. What will be the output of the following Java code?
    class Output     {        public static void main(String args[])         {           try            {               int a = 0;               int b = 5;               int c = b / a;               System.out.print("Hello");           }         }    }
a) Hello
b) World
c) HelloWOrld
d) Compilation Error
d
Output:
$ javac Output.javac
Exception in thread "main" java.lang.Error: Unresolved compilation problem: 
	Syntax error, insert "Finally" to complete BlockStatements
9. What will be the output of the following Java code?
    class Output     {        public static void main(String args[])         {           try            {               int a = 0;               int b = 5;               int c = a / b;               System.out.print("Hello");           }           finally            {               System.out.print("World");           }         }    }
a) Hello
b) World
c) HelloWOrld
d) Compilation Error
c
Output:
$ javac Output.javac
java Output
HelloWorld
10. What will be the output of the following Java code?
    class Output     {        public static void main(String args[])         {           try           {               int a = 0;               int b = 5;               int c = b / a;               System.out.print("Hello");           }           catch(Exception e)            {               System.out.print("World");           }            finally            {               System.out.print("World");           }         }    }
a) Hello
b) World
c) HelloWOrld
d) WorldWorld
d
Output:
$ javac Output.javac
java Output
WorldWorld
Sanfoundry Global Education & Learning Series  Java Programming Language.
Java Practice ResourcesJava Mock Tests & Certification Test | 1000 Java MCQs | 1000 Java Programs | 1000 Java Algorithms | Best Java Books
Participate in the Sanfoundry Certification contest to get free Certificate of Merit. Join our social networks below and stay updated with latest contests, videos, internships and jobs!
Telegram | Youtube | LinkedIn | Instagram | Facebook | Twitter | Pinterest
Youtube | LinkedIn | Instagram | Facebook | Twitter | Pinterest
« Prev - Java Questions & Answers – Finally & Built in Exceptions» Next - Java Questions & Answers – Creating Exceptions 
