1. What is the stored in the object obj in following lines of Java code?
   box obj;
a) Memory address of allocated memory of object
b) NULL
c) Any arbitrary pointer
d) Garbage
b
2. Which of these keywords is used to make a class?
a) class
b) struct
c) int
d) none of the mentioned
a
3. Which of the following is a valid declaration of an object of class Box?
a) Box obj = new Box();
b) Box obj = new Box;
c) obj = new Box();
d) new Box obj;
a
4. Which of these operators is used to allocate memory for an object?
a) malloc
b) alloc
c) new
d) give
c
5. Which of these statement is incorrect?
a) Every class must contain a main() method
b) Applets do not require a main() method at all
c) There can be only one main() method in a program
d) main() method must be made public
a
6. What will be the output of the following Java program?
    class main_class     {        public static void main(String args[])        {            int x = 9;            if (x == 9)             {                 int x = 8;                System.out.println(x);            }        }     }
a) 9
b) 8
c) Compilation error
d) Runtime error
c
output:
$ javac main_class.java
Exception in thread "main" java.lang.Error: Unresolved compilation problem: 
	 Duplicate local variable x
7. Which of the following statements is correct?
a) Public method is accessible to all other classes in the hierarchy
b) Public method is accessible only to subclasses of its parent class
c) Public method can only be called by object of its class
d) Public method can be accessed by calling object of the public class
a
8. What will be the output of the following Java program?
    class box     {        int width;        int height;        int length;    }     class mainclass     {        public static void main(String args[])         {                     box obj = new box();             obj.width = 10;             obj.height = 2;             obj.length = 10;             int y = obj.width * obj.height * obj.length;              System.out.print(y);        }     }
a) 12
b) 200
c) 400
d) 100
b
output:
$ javac mainclass.java
$ java mainclass
200
9. What will be the output of the following Java program?
    class box     {        int width;        int height;        int length;    }     class mainclass     {        public static void main(String args[])         {                    box obj1 = new box();            box obj2 = new box();            obj1.height = 1;            obj1.length = 2;            obj1.width = 1;            obj2 = obj1;            System.out.println(obj2.height);        }     }
a) 1
b) 2
c) Runtime error
d) Garbage value
a
output:
$ javac mainclass.java
$ java mainclass
1
10. What will be the output of the following Java program?
   class box    {        int width;        int height;        int length;   }     class mainclass     {        public static void main(String args[])         {                    box obj = new box();            System.out.println(obj);        }     }
a) 0
b) 1
c) Runtime error
d) classname@hashcode in hexadecimal form
d
output:
$ javac mainclass.java
$ java mainclass
box@130671e
Sanfoundry Global Education & Learning Series – Java Programming Language.
Java Practice ResourcesJava Mock Tests & Certification Test | 1000 Java MCQs | 1000 Java Programs | 1000 Java Algorithms | Best Java Books
Participate in the Sanfoundry Certification contest to get free Certificate of Merit. Join our social networks below and stay updated with latest contests, videos, internships and jobs!
Telegram | Youtube | LinkedIn | Instagram | Facebook | Twitter | Pinterest
Youtube | LinkedIn | Instagram | Facebook | Twitter | Pinterest
« Prev - Java Questions & Answers – JDK-JRE-JIT-JVM» Next - Java Questions & Answers – Introduction To Methods 
